// Jest Snapshot v1, https://goo.gl/fbAQLP

exports[`JanusSettings renders 1`] = `
<div
  id="janus-settings"
>
  <div
    id="keys-group"
  >
    <div
      className="title"
    >
      Your Keys
    </div>
    <div
      className="item"
    >
      <i
        className="fa fa-key"
      />
       
      74:68:69:73:69:73:6e:6f:74:72:61:6e:64:6f:6d:21
    </div>
    <div
      className="item"
    >
      <div
        className="MuiFormControl-root MuiTextField-root makeStyles-text-1"
      >
        <div
          className="MuiInputBase-root MuiInput-root MuiInput-underline MuiInputBase-formControl MuiInput-formControl"
          onClick={[Function]}
        >
          <input
            aria-invalid={false}
            autoFocus={false}
            className="MuiInputBase-input MuiInput-input"
            disabled={false}
            onAnimationStart={[Function]}
            onBlur={[Function]}
            onChange={[Function]}
            onFocus={[Function]}
            placeholder="Paste 2048+ bit RSA key in PEM format"
            required={false}
            type="text"
          />
        </div>
      </div>
      <button
        className="MuiButtonBase-root MuiButton-root MuiButton-text"
        disabled={false}
        onBlur={[Function]}
        onClick={[Function]}
        onDragLeave={[Function]}
        onFocus={[Function]}
        onKeyDown={[Function]}
        onKeyUp={[Function]}
        onMouseDown={[Function]}
        onMouseLeave={[Function]}
        onMouseUp={[Function]}
        onTouchEnd={[Function]}
        onTouchMove={[Function]}
        onTouchStart={[Function]}
        tabIndex={0}
        type="button"
      >
        <span
          className="MuiButton-label"
        >
          Upload Key
        </span>
        <span
          className="MuiTouchRipple-root"
        />
      </button>
    </div>
  </div>
  <div
    id="task-token-group"
  >
    <div
      className="title"
    >
      Task Tokens
    </div>
    <div
      className="item"
    >
      <div
        className="MuiInputBase-root MuiInput-root MuiInput-underline makeStyles-text-1"
        onClick={[Function]}
      >
        <div
          aria-haspopup="listbox"
          className="MuiSelect-root MuiSelect-select MuiSelect-selectMenu MuiInputBase-input MuiInput-input"
          onBlur={[Function]}
          onFocus={[Function]}
          onKeyDown={[Function]}
          onMouseDown={[Function]}
          role="button"
          tabIndex={0}
        >
          <span
            dangerouslySetInnerHTML={
              Object {
                "__html": "&#8203;",
              }
            }
          />
        </div>
        <input
          aria-hidden={true}
          className="MuiSelect-nativeInput"
          onAnimationStart={[Function]}
          onChange={[Function]}
          tabIndex={-1}
          value={null}
        />
        <svg
          aria-hidden={true}
          className="MuiSvgIcon-root MuiSelect-icon"
          focusable="false"
          viewBox="0 0 24 24"
        >
          <path
            d="M7 10l5 5 5-5z"
          />
        </svg>
      </div>
      <button
        className="MuiButtonBase-root MuiButton-root MuiButton-text Mui-disabled Mui-disabled"
        disabled={true}
        onBlur={[Function]}
        onClick={null}
        onDragLeave={[Function]}
        onFocus={[Function]}
        onKeyDown={[Function]}
        onKeyUp={[Function]}
        onMouseDown={[Function]}
        onMouseLeave={[Function]}
        onMouseUp={[Function]}
        onTouchEnd={[Function]}
        onTouchMove={[Function]}
        onTouchStart={[Function]}
        tabIndex={-1}
        type="button"
      >
        <span
          className="MuiButton-label"
        >
          Copy Task Token
        </span>
      </button>
    </div>
  </div>
</div>
`;
