// Jest Snapshot v1, https://goo.gl/fbAQLP

exports[`JanusAdmin renders 1`] = `
<div
  id="janus-admin"
>
  <div
    id="admin-projects"
  >
    <div
      className="title"
    >
      Projects
    </div>
    <div
      className="project header"
    >
      <div
        className="project_name"
      >
         project_name 
      </div>
      <div
        className="full_name"
      >
         title 
      </div>
    </div>
    <div
      className="project"
    >
      <div
        className="project_name"
      >
        <a
          href="/gateway"
        >
          gateway
        </a>
      </div>
      <div
        className="full_name"
      >
        Gateway
      </div>
    </div>
    <div
      className="project"
    >
      <div
        className="project_name"
      >
        <a
          href="/mirror"
        >
          mirror
        </a>
      </div>
      <div
        className="full_name"
      >
        Mirror
      </div>
    </div>
    <div
      className="project"
    >
      <div
        className="project_name"
      >
        <a
          href="/tunnel"
        >
          tunnel
        </a>
      </div>
      <div
        className="full_name"
      >
        Tunnel
      </div>
    </div>
  </div>
</div>
`;
